test_actual_school_branches_and_original_request_boundary (tools.tests.test_school_first_unit_work_emulation.FirstUnitNativeTests) ... ok
test_exact_owned_work_record_cache_and_controller_fields (tools.tests.test_school_first_unit_work_emulation.FirstUnitNativeTests) ... ok
test_explicit_primitives_and_upstream_retention (tools.tests.test_school_first_unit_work_emulation.FirstUnitNativeTests) ... ok
test_finite_guard_rejects_other_work_current_and_retained_resources (tools.tests.test_school_first_unit_work_emulation.FirstUnitNativeTests) ... ok
test_all_work_record_controller_cache_bytes_and_arguments_against_source (tools.tests.test_school_first_unit_work_catalog.FirstUnitSourceTests) ... ok
test_declared_jobs_states_and_indices_against_native_prefix (tools.tests.test_school_first_unit_work_catalog.FirstUnitSourceTests) ... ok
test_exports_and_fixed_fixture_remain_independent_and_exact (tools.tests.test_school_first_unit_work_catalog.FirstUnitSourceTests) ... ok
test_malformed_and_unsupported_inputs_refused (tools.tests.test_school_first_unit_work_catalog.FirstUnitSourceTests) ... ok
test_actual_school_branches_and_constructor_stop (tools.tests.test_school_map_common_emulation.MapCommonNativeTests) ... ok
test_guard_rejects_persistent_other_current_fields_and_unowned_memory (tools.tests.test_school_map_common_emulation.MapCommonNativeTests) ... ok
test_prepared_record_copy_and_persistent_effect_retention (tools.tests.test_school_map_common_emulation.MapCommonNativeTests) ... ok
test_read_only_buffer_pointers_and_closed_handles (tools.tests.test_school_map_common_emulation.MapCommonNativeTests) ... ok
test_all_offsets_and_current_bytes_against_independent_inputs (tools.tests.test_school_map_common_catalog.MapCommonSourceTests) ... ok
test_exports_and_native_fixture_are_separate_and_exact (tools.tests.test_school_map_common_catalog.MapCommonSourceTests) ... ok
test_malformed_containers_and_preparation_inputs_rejected (tools.tests.test_school_map_common_catalog.MapCommonSourceTests) ... ok
test_policy_all_flag_branches_states_overflow_and_selection_against_native_cpu (tools.tests.test_school_map_common_catalog.MapCommonSourceTests) ... ok
test_actual_school_cases_source_slot_and_stop (tools.tests.test_school_effect_initialization_emulation.EffectNativeTests) ... ok
test_guard_rejects_roles_other_slots_freed_buffers_and_assertions (tools.tests.test_school_effect_initialization_emulation.EffectNativeTests) ... ok
test_texture_count_owned_allocations_and_explicit_gpu_boundaries (tools.tests.test_school_effect_initialization_emulation.EffectNativeTests) ... ok
test_work_initialization_and_retention (tools.tests.test_school_effect_initialization_emulation.EffectNativeTests) ... ok
test_all_native_headers_against_independent_original_entries (tools.tests.test_school_effect_initialization_catalog.EffectSourceTests) ... ok
test_bad_containers_and_image_headers_rejected_historical_parser_retained (tools.tests.test_school_effect_initialization_catalog.EffectSourceTests) ... ok
test_exports_and_fixed_native_fixture_are_separate_and_exact (tools.tests.test_school_effect_initialization_catalog.EffectSourceTests) ... ok
test_first_animation_and_groups_against_native_work (tools.tests.test_school_effect_initialization_catalog.EffectSourceTests) ... ok
test_actual_school_cases_and_exact_read_only_file (tools.tests.test_school_unit_assets_emulation.UnitAssetNativeTests) ... ok
test_finite_allocation_guard_and_protected_records (tools.tests.test_school_unit_assets_emulation.UnitAssetNativeTests) ... ok
test_reset_text_and_owned_effect_metadata (tools.tests.test_school_unit_assets_emulation.UnitAssetNativeTests) ... ok
test_retained_current_records_and_effect_texture_boundary (tools.tests.test_school_unit_assets_emulation.UnitAssetNativeTests) ... ok
test_every_native_text_pointer_string_destination_and_color (tools.tests.test_school_unit_asset_catalog.UnitAssetCatalogTests) ... ok
test_independent_rules_and_separate_fixture_reproduce (tools.tests.test_school_unit_asset_catalog.UnitAssetCatalogTests) ... ok
test_malformed_original_text_and_effect_input_refused (tools.tests.test_school_unit_asset_catalog.UnitAssetCatalogTests) ... ok
test_native_effect_copied_bytes_and_section_pointers (tools.tests.test_school_unit_asset_catalog.UnitAssetCatalogTests) ... ok
test_finite_scene_guard_denies_current_persistent_freed_and_outside (tools.tests.test_school_scene_resources_emulation.SceneResourcesTests) ... ok
test_frozen_school_cases_order_handles_and_original_buffers (tools.tests.test_school_scene_resources_emulation.SceneResourcesTests) ... ok
test_native_texture_minimap_fog_and_owned_allocations (tools.tests.test_school_scene_resources_emulation.SceneResourcesTests) ... ok
test_refusal_retention_and_next_boundary (tools.tests.test_school_scene_resources_emulation.SceneResourcesTests) ... ok
test_all_native_map_texture_fields_match_source_entries (tools.tests.test_school_scene_resource_catalog.SceneResourceCatalogTests) ... ok
test_native_vpt_relocations_against_all_original_offsets (tools.tests.test_school_scene_resource_catalog.SceneResourceCatalogTests) ... ok
test_refuses_malformed_minimap_sizes_dimensions_and_format (tools.tests.test_school_scene_resource_catalog.SceneResourceCatalogTests) ... ok
test_refuses_malformed_vpt_counts_offsets_marker_and_cell_layers (tools.tests.test_school_scene_resource_catalog.SceneResourceCatalogTests) ... ok
test_runtime_art_pixels_file_hashes_and_independent_minimap (tools.tests.test_school_scene_resource_catalog.SceneResourceCatalogTests) ... ok
test_finite_constructor_guard_and_allocations (tools.tests.test_school_unitctrl_map_emulation.UnitCtrlMapTests) ... ok
test_frozen_native_identity_and_ready_refusal_branches (tools.tests.test_school_unitctrl_map_emulation.UnitCtrlMapTests) ... ok
test_native_constructor_lists_vectors_and_generic_grid (tools.tests.test_school_unitctrl_map_emulation.UnitCtrlMapTests) ... ok
test_persistent_current_records_and_execution_boundaries (tools.tests.test_school_unitctrl_map_emulation.UnitCtrlMapTests) ... ok
test_source_selected_map_buffer_and_native_scratch_ownership (tools.tests.test_school_unitctrl_map_emulation.UnitCtrlMapTests) ... ok
test_every_texture_page_and_saved_preview_pixel_provenance (tools.tests.test_school_scene_map_catalog.SceneMapCatalogTests) ... ok
test_original_table_and_all_cell_triples (tools.tests.test_school_scene_map_catalog.SceneMapCatalogTests) ... ok
test_rejects_logical_header_size_and_dimensions (tools.tests.test_school_scene_map_catalog.SceneMapCatalogTests) ... ok
test_rejects_texture_grid_offsets_count_and_page_dimensions (tools.tests.test_school_scene_map_catalog.SceneMapCatalogTests) ... ok
test_rgb555_channels_and_high_bit (tools.tests.test_school_scene_map_catalog.SceneMapCatalogTests) ... ok
test_saved_source_and_separate_native_fixture (tools.tests.test_school_scene_map_catalog.SceneMapCatalogTests) ... ok
test_every_native_texture_matches_independent_original_bytes (tools.tests.test_school_tactical_resource_catalog.SchoolTacticalResourceCatalogTests) ... ok
test_independent_source_export_and_frozen_native_fixture (tools.tests.test_school_tactical_resource_catalog.SchoolTacticalResourceCatalogTests) ... ok
test_malformed_container_and_texture_layout_refused (tools.tests.test_school_tactical_resource_catalog.SchoolTacticalResourceCatalogTests) ... ok
test_finite_guard_rejects_persistent_freed_and_outside_memory (tools.tests.test_school_tactical_resources_emulation.SchoolTacticalResourcesTests) ... ok
test_original_file_loader_and_balanced_read_only_handles (tools.tests.test_school_tactical_resources_emulation.SchoolTacticalResourcesTests) ... ok
test_refusal_and_persistent_retention (tools.tests.test_school_tactical_resources_emulation.SchoolTacticalResourcesTests) ... ok
test_source_identity_and_actual_resource_order (tools.tests.test_school_tactical_resources_emulation.SchoolTacticalResourcesTests) ... ok
test_texture_records_and_script_buffer_ownership (tools.tests.test_school_tactical_resources_emulation.SchoolTacticalResourcesTests) ... ok
test_actual_pending16_dispatch_and_outer_constructor (tools.tests.test_school_tactical_startup_emulation.SchoolTacticalStartupTests) ... ok
test_finite_guard_rejects_persistent_and_outside_allocations (tools.tests.test_school_tactical_startup_emulation.SchoolTacticalStartupTests) ... ok
test_natural_resource_boundary_is_distinct_from_independent_probe (tools.tests.test_school_tactical_startup_emulation.SchoolTacticalStartupTests) ... ok
test_script_work_setup_and_native_current_unit_normalization (tools.tests.test_school_tactical_startup_emulation.SchoolTacticalStartupTests) ... ok
test_source_tables_resources_and_frozen_exports (tools.tests.test_school_tactical_startup_emulation.SchoolTacticalStartupTests) ... ok
test_actual_native_records_and_retention (tools.tests.test_school_combat_records_emulation.SchoolCombatRecordsTests) ... ok
test_counterfactual_clamps_and_floating_truncation (tools.tests.test_school_combat_records_emulation.SchoolCombatRecordsTests) ... ok
test_finite_guard_protects_other_ordinals_and_persistent_records (tools.tests.test_school_combat_records_emulation.SchoolCombatRecordsTests) ... ok
test_independent_source_and_frozen_exports (tools.tests.test_school_combat_records_emulation.SchoolCombatRecordsTests) ... ok
test_owned_order_defined_output_and_modifier_slots (tools.tests.test_school_combat_records_emulation.SchoolCombatRecordsTests) ... ok
test_actual_native_handoff_and_retained_records (tools.tests.test_school_adventure_handoff_emulation.SchoolAdventureHandoffTests) ... ok
test_finite_guards_and_actual_ranges (tools.tests.test_school_adventure_handoff_emulation.SchoolAdventureHandoffTests) ... ok
test_ledger_is_derived_from_source_initialization (tools.tests.test_school_adventure_handoff_emulation.SchoolAdventureHandoffTests) ... ok
test_source_and_exports (tools.tests.test_school_adventure_handoff_emulation.SchoolAdventureHandoffTests) ... ok
test_student_order_and_unresolved_unit_calls (tools.tests.test_school_adventure_handoff_emulation.SchoolAdventureHandoffTests) ... ok
test_actual_chain_and_records_preserved (tools.tests.test_school_adventure_preparation_emulation.DeparturePreparationTests) ... ok
test_current_squads_and_refusals (tools.tests.test_school_adventure_preparation_emulation.DeparturePreparationTests) ... ok
test_finite_write_guard (tools.tests.test_school_adventure_preparation_emulation.DeparturePreparationTests) ... ok
test_report_writes_never_touch_date_or_roles (tools.tests.test_school_adventure_preparation_emulation.DeparturePreparationTests) ... ok
test_source_and_exports_exact (tools.tests.test_school_adventure_preparation_emulation.DeparturePreparationTests) ... ok
test_actual_chain_and_native_school_fields (tools.tests.test_school_fifth_planning_emulation.FifthPlanningNativeTests) ... ok
test_preserves_earned_roles_relationships_and_mvp (tools.tests.test_school_fifth_planning_emulation.FifthPlanningNativeTests) ... ok
test_source_only_exports_hashes_and_declared_authority (tools.tests.test_school_fifth_planning_emulation.FifthPlanningNativeTests) ... ok
test_waits_prevent_school_and_guard_refuses_growth_date_mvp (tools.tests.test_school_fifth_planning_emulation.FifthPlanningNativeTests) ... ok
test_byte_exact_regeneration_and_complete_text (tools.tests.test_school_workroom_export.WorkroomExportTests) ... ok
test_original_background_pixel_and_hash (tools.tests.test_school_workroom_export.WorkroomExportTests) ... ok
test_portrait_geometry_and_native_rgb555_body (tools.tests.test_school_workroom_export.WorkroomExportTests) ... ok

----------------------------------------------------------------------
Ran 87 tests in 14.339s

OK
