F:\project\chaomofa\tools\ghidra_analyze.py:68: DeprecationWarning: open_program() is deprecated, use open_project() and program_context() or program_loader() instead.
  with pyghidra.open_program(EXE, PROJ, "Hermit", analyze=True) as flat:
IAT 标签 214/214
关键函数命名 31/31
  反编译 WinMain_message_loop @ 0x49dd70 (4296B)
  反编译 game_tick_frame @ 0x49e2b0 (795B)
  反编译 main_wndproc @ 0x49e850 (266B)
  反编译 wndproc_2 @ 0x424980 (1302B)
  反编译 dlg_proc_with_timer @ 0x41b4a0 (7273B)
  反编译 create_game_window @ 0x423540 (739B)
  反编译 create_window_2 @ 0x450350 (2509B)
  反编译 mdi_frame_proc @ 0x424a90 (800B)
  反编译 imagelist_dragdrop @ 0x42b870 (668B)
  反编译 thread_sync_helper @ 0x421850 (3901B)
  反编译 blit_pipeline_A @ 0x423800 (1490B)
  反编译 text_render_A @ 0x405160 (10359B)
  反编译 text_render_B @ 0x406df0 (9907B)
  反编译 text_render_font @ 0x4010d0 (7080B)
  反编译 timing_fn_A @ 0x4150e0 (2766B)
  反编译 timing_fn_B @ 0x415570 (1017B)
  反编译 timing_fn_C @ 0x415610 (4681B)
  反编译 timing_fn_D @ 0x415990 (1673B)
  反编译 timing_fn_E @ 0x415b40 (3739B)
  反编译 timing_fn_F @ 0x4170c0 (5577B)
  反编译 blit_0x420210 @ 0x420210 (3743B)
  反编译 blit_0x420610 @ 0x420610 (1268B)
  反编译 stretchblt_wrap @ 0x420760 (921B)
  反编译 stretchblt_wrap2 @ 0x420830 (1333B)
  反编译 blit_0x422cd0 @ 0x422cd0 (2658B)
  反编译 blit_0x422f20 @ 0x422f20 (2144B)
  反编译 blit_0x423100 @ 0x423100 (2157B)
  反编译 blit_0x424140 @ 0x424140 (2144B)
  反编译 input_poll_async_key @ 0x411516 (10208B)
  反编译 tick_0x426820 @ 0x426820 (3242B)
  反编译 tick_0x4551c0 @ 0x4551c0 (1342B)
全量反编译 6239 函数...
  进度 200/6239
  进度 400/6239
  进度 600/6239
  进度 804/6239
  进度 1031/6239
  进度 1286/6239
  进度 1523/6239
  进度 1726/6239
  进度 1936/6239
  进度 2140/6239
  进度 2350/6239
  进度 2560/6239
  进度 2760/6239
  进度 2962/6239
  进度 3165/6239
  进度 3366/6239
  进度 3568/6239
  进度 3771/6239
  进度 3974/6239
  进度 4179/6239
  进度 4381/6239
  进度 4583/6239
  进度 4809/6239
  进度 5091/6239
  进度 5312/6239
  进度 5512/6239
  进度 5712/6239
  进度 5912/6239
  进度 6112/6239
全量反编译完成
完成
