Native departure case: initial ready=True
Native ledger before initial: {"entries": [{"id": 5, "metadata": [3, 4, 0], "busy": 0, "limit": 1, "duration": 0, "busy_elapsed": 0, "elapsed": 0}]}
Traceback (most recent call last):
  File "C:\Users\lai\AppData\Local\Programs\Python\Python310\lib\runpy.py", line 196, in _run_module_as_main
    return _run_code(code, main_globals, None,
  File "C:\Users\lai\AppData\Local\Programs\Python\Python310\lib\runpy.py", line 86, in _run_code
    exec(code, run_globals)
  File "F:\project\chaomofa\tools\school_combat_records_emulation.py", line 208, in <module>
    path.write_text(report_text(report()),encoding='utf-8',newline='\n')
  File "F:\project\chaomofa\tools\school_combat_records_emulation.py", line 181, in report
    cases.append(e.handoff(name,commands))
  File "F:\project\chaomofa\tools\school_combat_records_emulation.py", line 114, in handoff
    result=super().handoff(name,commands)
  File "F:\project\chaomofa\tools\school_adventure_handoff_emulation.py", line 167, in handoff
    self._thread(0x4B8FF0, PREP_TASK, timeout=20_000_000)
  File "F:\project\chaomofa\tools\workroom_return_emulation.py", line 165, in _thread
    self.uc.emu_start(address, RETURN, timeout=timeout, count=count)
  File "F:\project\chaomofa\.venv-audit\lib\site-packages\unicorn\unicorn_py3\unicorn.py", line 769, in emu_start
    raise self._hook_exception
  File "F:\project\chaomofa\.venv-audit\lib\site-packages\unicorn\unicorn_py3\unicorn.py", line 363, in wrapper
    return func(uc, *args, **kwargs)
  File "F:\project\chaomofa\.venv-audit\lib\site-packages\unicorn\unicorn_py3\unicorn.py", line 1063, in __hook_code_cb
    callback(uc, address, size, user_data)
  File "F:\project\chaomofa\tools\school_combat_records_emulation.py", line 71, in _hook
    raise RuntimeError('item handlers outside verified no-item subset')
RuntimeError: item handlers outside verified no-item subset
