Godot Engine v4.7.2.stable.mono.official.ed1daf0bf - https://godotengine.org

WARNING: Loaded resource as image file, this will not work on export: 'res://assets/school/background.png'. Instead, import the image file as an Image resource and load it normally as a resource.
   at: load_from_file (core/io/image.cpp:2780)
   GDScript backtrace (most recent call first):
       [0] _texture (res://ui/school_playground.gd:965)
       [1] _ready (res://ui/school_playground.gd:94)
       [2] _new_panel (res://ui/tests/test_school_fifth_planning_window.gd:8)
       [3] _run (res://ui/tests/test_school_scene_map_preview_window.gd:48)
WARNING: Loaded resource as image file, this will not work on export: 'res://assets/school/background.png'. Instead, import the image file as an Image resource and load it normally as a resource.
   at: load_from_file (core/io/image.cpp:2780)
   GDScript backtrace (most recent call first):
       [0] _texture (res://ui/school_week_arrival.gd:119)
       [1] _ready (res://ui/school_week_arrival.gd:25)
       [2] _ready (res://ui/school_playground.gd:210)
       [3] _new_panel (res://ui/tests/test_school_fifth_planning_window.gd:8)
       [4] _run (res://ui/tests/test_school_scene_map_preview_window.gd:48)
WARNING: Loaded resource as image file, this will not work on export: 'res://assets/school/portrait_3.png'. Instead, import the image file as an Image resource and load it normally as a resource.
   at: load_from_file (core/io/image.cpp:2780)
   GDScript backtrace (most recent call first):
       [0] _texture (res://ui/school_week_arrival.gd:119)
       [1] _ready (res://ui/school_week_arrival.gd:64)
       [2] _ready (res://ui/school_playground.gd:210)
       [3] _new_panel (res://ui/tests/test_school_fifth_planning_window.gd:8)
       [4] _run (res://ui/tests/test_school_scene_map_preview_window.gd:48)
WARNING: Loaded resource as image file, this will not work on export: 'res://assets/school/portrait_4.png'. Instead, import the image file as an Image resource and load it normally as a resource.
   at: load_from_file (core/io/image.cpp:2780)
   GDScript backtrace (most recent call first):
       [0] _texture (res://ui/school_week_arrival.gd:119)
       [1] _ready (res://ui/school_week_arrival.gd:64)
       [2] _ready (res://ui/school_playground.gd:210)
       [3] _new_panel (res://ui/tests/test_school_fifth_planning_window.gd:8)
       [4] _run (res://ui/tests/test_school_scene_map_preview_window.gd:48)
WARNING: Loaded resource as image file, this will not work on export: 'res://assets/school/portrait_9.png'. Instead, import the image file as an Image resource and load it normally as a resource.
   at: load_from_file (core/io/image.cpp:2780)
   GDScript backtrace (most recent call first):
       [0] _texture (res://ui/school_week_arrival.gd:119)
       [1] _ready (res://ui/school_week_arrival.gd:64)
       [2] _ready (res://ui/school_playground.gd:210)
       [3] _new_panel (res://ui/tests/test_school_fifth_planning_window.gd:8)
       [4] _run (res://ui/tests/test_school_scene_map_preview_window.gd:48)
WARNING: Loaded resource as image file, this will not work on export: 'res://assets/school_workroom/background.png'. Instead, import the image file as an Image resource and load it normally as a resource.
   at: load_from_file (core/io/image.cpp:2780)
   GDScript backtrace (most recent call first):
       [0] _ready (res://ui/school_workroom.gd:20)
       [1] _ready (res://ui/school_playground.gd:218)
       [2] _new_panel (res://ui/tests/test_school_fifth_planning_window.gd:8)
       [3] _run (res://ui/tests/test_school_scene_map_preview_window.gd:48)
WARNING: Loaded resource as image file, this will not work on export: 'res://assets/school/portrait_101.png'. Instead, import the image file as an Image resource and load it normally as a resource.
   at: load_from_file (core/io/image.cpp:2780)
   GDScript backtrace (most recent call first):
       [0] _texture (res://ui/school_playground.gd:965)
       [1] _set_member (res://ui/school_playground.gd:949)
       [2] refresh (res://ui/school_playground.gd:579)
       [3] _ready (res://ui/school_playground.gd:242)
       [4] _new_panel (res://ui/tests/test_school_fifth_planning_window.gd:8)
       [5] _run (res://ui/tests/test_school_scene_map_preview_window.gd:48)
WARNING: Loaded resource as image file, this will not work on export: 'res://assets/school/portrait_3.png'. Instead, import the image file as an Image resource and load it normally as a resource.
   at: load_from_file (core/io/image.cpp:2780)
   GDScript backtrace (most recent call first):
       [0] _texture (res://ui/school_playground.gd:965)
       [1] _set_member (res://ui/school_playground.gd:949)
       [2] refresh (res://ui/school_playground.gd:581)
       [3] _ready (res://ui/school_playground.gd:242)
       [4] _new_panel (res://ui/tests/test_school_fifth_planning_window.gd:8)
       [5] _run (res://ui/tests/test_school_scene_map_preview_window.gd:48)
WARNING: Loaded resource as image file, this will not work on export: 'res://assets/school/portrait_4.png'. Instead, import the image file as an Image resource and load it normally as a resource.
   at: load_from_file (core/io/image.cpp:2780)
   GDScript backtrace (most recent call first):
       [0] _texture (res://ui/school_playground.gd:965)
       [1] _set_member (res://ui/school_playground.gd:949)
       [2] refresh (res://ui/school_playground.gd:581)
       [3] _ready (res://ui/school_playground.gd:242)
       [4] _new_panel (res://ui/tests/test_school_fifth_planning_window.gd:8)
       [5] _run (res://ui/tests/test_school_scene_map_preview_window.gd:48)
WARNING: Loaded resource as image file, this will not work on export: 'res://assets/school/portrait_9.png'. Instead, import the image file as an Image resource and load it normally as a resource.
   at: load_from_file (core/io/image.cpp:2780)
   GDScript backtrace (most recent call first):
       [0] _texture (res://ui/school_playground.gd:965)
       [1] _set_member (res://ui/school_playground.gd:949)
       [2] refresh (res://ui/school_playground.gd:581)
       [3] _ready (res://ui/school_playground.gd:242)
       [4] _new_panel (res://ui/tests/test_school_fifth_planning_window.gd:8)
       [5] _run (res://ui/tests/test_school_scene_map_preview_window.gd:48)
WARNING: Loaded resource as image file, this will not work on export: 'res://assets/school_workroom/background.png'. Instead, import the image file as an Image resource and load it normally as a resource.
   at: load_from_file (core/io/image.cpp:2780)
   GDScript backtrace (most recent call first):
       [0] _texture (res://ui/school_story_reader.gd:145)
       [1] show_page (res://ui/school_story_reader.gd:119)
       [2] refresh (res://ui/school_playground.gd:652)
       [3] _open_work_story (res://ui/school_playground.gd:518)
       [4] <anonymous lambda> (res://ui/school_workroom.gd:51)
       [5] _click (res://ui/tests/test_new_game_school_window.gd:47)
WARNING: Loaded resource as image file, this will not work on export: 'res://assets/current_scene/map05.png'. Instead, import the image file as an Image resource and load it normally as a resource.
   at: load_from_file (core/io/image.cpp:2780)
   GDScript backtrace (most recent call first):
       [0] open_preview (res://ui/school_scene_map_preview.gd:140)
       [1] _open_current_map (res://ui/school_playground.gd:801)
       [2] _click (res://ui/tests/test_new_game_school_window.gd:47)
FAIL fit restores complete source map
WARNING: Loaded resource as image file, this will not work on export: 'res://assets/current_scene/map05.png'. Instead, import the image file as an Image resource and load it normally as a resource.
   at: load_from_file (core/io/image.cpp:2780)
   GDScript backtrace (most recent call first):
       [0] open_preview (res://ui/school_scene_map_preview.gd:140)
       [1] _open_current_map (res://ui/school_playground.gd:801)
       [2] _click (res://ui/tests/test_new_game_school_window.gd:47)
WARNING: Loaded resource as image file, this will not work on export: 'res://assets/current_scene/map05.png'. Instead, import the image file as an Image resource and load it normally as a resource.
   at: load_from_file (core/io/image.cpp:2780)
   GDScript backtrace (most recent call first):
       [0] open_preview (res://ui/school_scene_map_preview.gd:140)
       [1] _open_current_map (res://ui/school_playground.gd:801)
       [2] _click (res://ui/tests/test_new_game_school_window.gd:47)
Graphical school: 74 checks, 1 failures
