Declared isolated zero-student diagnostic; not current-school evidence
Traceback (most recent call last):
  File "<stdin>", line 4, in <module>
  File "F:\project\chaomofa\tools\school_tactical_resources_emulation.py", line 45, in __init__
    super().__init__()
  File "F:\project\chaomofa\tools\school_tactical_startup_emulation.py", line 57, in __init__
    super().__init__();self._function_ranges+=NATIVE
  File "F:\project\chaomofa\tools\school_combat_records_emulation.py", line 45, in __init__
    super().__init__()
  File "F:\project\chaomofa\tools\school_adventure_handoff_emulation.py", line 42, in __init__
    super().__init__()
  File "F:\project\chaomofa\tools\school_adventure_preparation_emulation.py", line 25, in __init__
    super().__init__()
  File "F:\project\chaomofa\tools\school_fifth_planning_emulation.py", line 41, in __init__
    super().__init__()
  File "F:\project\chaomofa\tools\school_fifth_week_emulation.py", line 52, in __init__
    super().__init__()
  File "F:\project\chaomofa\tools\school_story_week_emulation.py", line 54, in __init__
    super().__init__()
  File "F:\project\chaomofa\tools\school_course_result_handoff_emulation.py", line 44, in __init__
    super().__init__()
  File "F:\project\chaomofa\tools\school_course_confirmation_emulation.py", line 32, in __init__
    super().__init__()
  File "F:\project\chaomofa\tools\school_course_settlement_emulation.py", line 74, in __init__
    super().__init__()
  File "F:\project\chaomofa\tools\school_course_planning_emulation.py", line 23, in __init__
    super().__init__()
  File "F:\project\chaomofa\tools\new_game_school_movement_emulation.py", line 34, in __init__
    super().__init__()
  File "F:\project\chaomofa\tools\new_game_school_emulation.py", line 75, in __init__
    super().__init__(students=())
  File "F:\project\chaomofa\tools\school_teacher_group_emulation.py", line 27, in __init__
    super().__init__()
  File "F:\project\chaomofa\tools\roster_join_emulation.py", line 57, in __init__
    self.call(0x4CE560, (0, 7), receiver=VM)
  File "F:\project\chaomofa\tools\new_game_school_emulation.py", line 213, in call
    return super().call(address,args,receiver=receiver)
  File "F:\project\chaomofa\tools\tactics_exit_emulation.py", line 108, in call
    self.uc.emu_start(address, RETURN, timeout=1_000_000, count=100_000)
  File "F:\project\chaomofa\.venv-audit\lib\site-packages\unicorn\unicorn_py3\unicorn.py", line 769, in emu_start
    raise self._hook_exception
  File "F:\project\chaomofa\.venv-audit\lib\site-packages\unicorn\unicorn_py3\unicorn.py", line 363, in wrapper
    return func(uc, *args, **kwargs)
  File "F:\project\chaomofa\.venv-audit\lib\site-packages\unicorn\unicorn_py3\unicorn.py", line 1063, in __hook_code_cb
    callback(uc, address, size, user_data)
  File "F:\project\chaomofa\tools\school_tactical_resources_emulation.py", line 153, in _hook
    if not self.loading:
AttributeError: 'SchoolTacticalResourcesEmulator' object has no attribute 'loading'
