test_every_native_texture_matches_independent_original_bytes (tools.tests.test_school_tactical_resource_catalog.SchoolTacticalResourceCatalogTests) ... ok
test_independent_source_export_and_frozen_native_fixture (tools.tests.test_school_tactical_resource_catalog.SchoolTacticalResourceCatalogTests) ... ok
test_malformed_container_and_texture_layout_refused (tools.tests.test_school_tactical_resource_catalog.SchoolTacticalResourceCatalogTests) ... ok
test_finite_guard_rejects_persistent_freed_and_outside_memory (tools.tests.test_school_tactical_resources_emulation.SchoolTacticalResourcesTests) ... ok
test_original_file_loader_and_balanced_read_only_handles (tools.tests.test_school_tactical_resources_emulation.SchoolTacticalResourcesTests) ... ok
test_refusal_and_persistent_retention (tools.tests.test_school_tactical_resources_emulation.SchoolTacticalResourcesTests) ... ok
test_source_identity_and_actual_resource_order (tools.tests.test_school_tactical_resources_emulation.SchoolTacticalResourcesTests) ... ok
test_texture_records_and_script_buffer_ownership (tools.tests.test_school_tactical_resources_emulation.SchoolTacticalResourcesTests) ... ok
test_actual_pending16_dispatch_and_outer_constructor (tools.tests.test_school_tactical_startup_emulation.SchoolTacticalStartupTests) ... ok
test_finite_guard_rejects_persistent_and_outside_allocations (tools.tests.test_school_tactical_startup_emulation.SchoolTacticalStartupTests) ... ok
test_natural_resource_boundary_is_distinct_from_independent_probe (tools.tests.test_school_tactical_startup_emulation.SchoolTacticalStartupTests) ... ok
test_script_work_setup_and_native_current_unit_normalization (tools.tests.test_school_tactical_startup_emulation.SchoolTacticalStartupTests) ... ok
test_source_tables_resources_and_frozen_exports (tools.tests.test_school_tactical_startup_emulation.SchoolTacticalStartupTests) ... ok
test_actual_native_records_and_retention (tools.tests.test_school_combat_records_emulation.SchoolCombatRecordsTests) ... ok
test_counterfactual_clamps_and_floating_truncation (tools.tests.test_school_combat_records_emulation.SchoolCombatRecordsTests) ... ok
test_finite_guard_protects_other_ordinals_and_persistent_records (tools.tests.test_school_combat_records_emulation.SchoolCombatRecordsTests) ... ok
test_independent_source_and_frozen_exports (tools.tests.test_school_combat_records_emulation.SchoolCombatRecordsTests) ... ok
test_owned_order_defined_output_and_modifier_slots (tools.tests.test_school_combat_records_emulation.SchoolCombatRecordsTests) ... ok
test_actual_native_handoff_and_retained_records (tools.tests.test_school_adventure_handoff_emulation.SchoolAdventureHandoffTests) ... ok
test_finite_guards_and_actual_ranges (tools.tests.test_school_adventure_handoff_emulation.SchoolAdventureHandoffTests) ... ok
test_ledger_is_derived_from_source_initialization (tools.tests.test_school_adventure_handoff_emulation.SchoolAdventureHandoffTests) ... ok
test_source_and_exports (tools.tests.test_school_adventure_handoff_emulation.SchoolAdventureHandoffTests) ... ok
test_student_order_and_unresolved_unit_calls (tools.tests.test_school_adventure_handoff_emulation.SchoolAdventureHandoffTests) ... ok
test_actual_chain_and_records_preserved (tools.tests.test_school_adventure_preparation_emulation.DeparturePreparationTests) ... ok
test_current_squads_and_refusals (tools.tests.test_school_adventure_preparation_emulation.DeparturePreparationTests) ... ok
test_finite_write_guard (tools.tests.test_school_adventure_preparation_emulation.DeparturePreparationTests) ... ok
test_report_writes_never_touch_date_or_roles (tools.tests.test_school_adventure_preparation_emulation.DeparturePreparationTests) ... ok
test_source_and_exports_exact (tools.tests.test_school_adventure_preparation_emulation.DeparturePreparationTests) ... ok
test_actual_chain_and_native_school_fields (tools.tests.test_school_fifth_planning_emulation.FifthPlanningNativeTests) ... ok
test_preserves_earned_roles_relationships_and_mvp (tools.tests.test_school_fifth_planning_emulation.FifthPlanningNativeTests) ... ok
test_source_only_exports_hashes_and_declared_authority (tools.tests.test_school_fifth_planning_emulation.FifthPlanningNativeTests) ... ok
test_waits_prevent_school_and_guard_refuses_growth_date_mvp (tools.tests.test_school_fifth_planning_emulation.FifthPlanningNativeTests) ... ok
test_byte_exact_regeneration_and_complete_text (tools.tests.test_school_workroom_export.WorkroomExportTests) ... ok
test_original_background_pixel_and_hash (tools.tests.test_school_workroom_export.WorkroomExportTests) ... ok
test_portrait_geometry_and_native_rgb555_body (tools.tests.test_school_workroom_export.WorkroomExportTests) ... ok

----------------------------------------------------------------------
Ran 35 tests in 2.555s

OK
