- Validating...
✓ change/add-campaign-return-ui
✓ change/add-fifth-week-school-planning
✓ change/add-fifth-week-story-playground
✓ change/add-graphical-school-playground
✓ change/add-new-game-school-grouping
✓ change/add-school-course-confirmation
✓ change/add-school-course-planning
✓ change/add-school-course-result-handoff
✓ change/add-school-course-settlement
✓ change/add-school-story-week-continuation
✓ change/add-school-waitlist-sorting
✓ spec/assets/attack-effects
✓ spec/assets/map-atlas
✓ spec/assets/map-composition
✓ spec/assets/unit-recolor
✓ spec/assets/unit-sprites
✓ change/audit-new-game-school-initialization
✓ change/audit-school-course-unlocking
✓ change/audit-school-student-movement
✓ change/audit-school-teacher-group-layout
✓ change/audit-school-teacher-movement
✓ spec/battle-sim/battle-loop
✓ spec/battle-sim/combat-math
✓ spec/battle-sim/map-data
✓ spec/battle-sim/map-render
✓ spec/battle-sim/pathfinding
✓ spec/battle-sim/skill-casting
✓ spec/data-pipeline/table-export
✓ change/fix-dxanim-runtime-decoder
✓ change/trace-battle-result-school-transition
Totals: 30 passed, 0 failed (30 items)
