Godot Engine v4.7.2.stable.mono.official.ed1daf0bf - https://godotengine.org

[   0% ] [90m[1mfirst_scan_filesystem[22m | Started 项目初始化 (5 steps)[39m[0m
[   0% ] [90m[1mfirst_scan_filesystem[22m | 正在扫描文件结构……[39m[0m
[  16% ] [90m[1mfirst_scan_filesystem[22m | 正在加载全局类名……[39m[0m
[  33% ] [90m[1mfirst_scan_filesystem[22m | 正在校验 GDExtension……[39m[0m
[  50% ] [90m[1mfirst_scan_filesystem[22m | 正在创建自动加载脚本……[39m[0m
[  66% ] [90m[1mfirst_scan_filesystem[22m | 正在初始化插件……[39m[0m
[  83% ] [90m[1mfirst_scan_filesystem[22m | 正在启动文件扫描……[39m[0m
[92m[ DONE ][39m [1mfirst_scan_filesystem[22m
[0m
WARNING: Missing .uid file for path "res://sim/tests/test_adv_week_handoff.gd". The file was re-created from cache.
   at: _process_file_system (editor/file_system/editor_file_system.cpp:1391)
WARNING: Missing .uid file for path "res://sim/tests/test_all_result_recipient.gd". The file was re-created from cache.
   at: _process_file_system (editor/file_system/editor_file_system.cpp:1391)
WARNING: Missing .uid file for path "res://sim/tests/test_all_result_role_replay.gd". The file was re-created from cache.
   at: _process_file_system (editor/file_system/editor_file_system.cpp:1391)
WARNING: Missing .uid file for path "res://sim/tests/test_battle_campaign_replay.gd". The file was re-created from cache.
   at: _process_file_system (editor/file_system/editor_file_system.cpp:1391)
WARNING: Missing .uid file for path "res://sim/tests/test_battle_return.gd". The file was re-created from cache.
   at: _process_file_system (editor/file_system/editor_file_system.cpp:1391)
WARNING: Missing .uid file for path "res://sim/tests/test_battle_return_result_replay.gd". The file was re-created from cache.
   at: _process_file_system (editor/file_system/editor_file_system.cpp:1391)
WARNING: Missing .uid file for path "res://sim/tests/test_battle_round_gate.gd". The file was re-created from cache.
   at: _process_file_system (editor/file_system/editor_file_system.cpp:1391)
WARNING: Missing .uid file for path "res://sim/tests/test_campaign_preparation.gd". The file was re-created from cache.
   at: _process_file_system (editor/file_system/editor_file_system.cpp:1391)
WARNING: Missing .uid file for path "res://sim/tests/test_campaign_result_state.gd". The file was re-created from cache.
   at: _process_file_system (editor/file_system/editor_file_system.cpp:1391)
WARNING: Missing .uid file for path "res://sim/tests/test_campaign_return_panel.gd". The file was re-created from cache.
   at: _process_file_system (editor/file_system/editor_file_system.cpp:1391)
WARNING: Missing .uid file for path "res://sim/tests/test_campaign_scene5.gd". The file was re-created from cache.
   at: _process_file_system (editor/file_system/editor_file_system.cpp:1391)
WARNING: Missing .uid file for path "res://sim/tests/test_campaign_school_boot.gd". The file was re-created from cache.
   at: _process_file_system (editor/file_system/editor_file_system.cpp:1391)
WARNING: Missing .uid file for path "res://sim/tests/test_campaign_school_layout.gd". The file was re-created from cache.
   at: _process_file_system (editor/file_system/editor_file_system.cpp:1391)
WARNING: Missing .uid file for path "res://sim/tests/test_campaign_school_probes.gd". The file was re-created from cache.
   at: _process_file_system (editor/file_system/editor_file_system.cpp:1391)
WARNING: Missing .uid file for path "res://sim/tests/test_new_game_school_commands.gd". The file was re-created from cache.
   at: _process_file_system (editor/file_system/editor_file_system.cpp:1391)
WARNING: Missing .uid file for path "res://sim/tests/test_new_game_school_movement.gd". The file was re-created from cache.
   at: _process_file_system (editor/file_system/editor_file_system.cpp:1391)
WARNING: Missing .uid file for path "res://sim/tests/test_new_game_school_origin.gd". The file was re-created from cache.
   at: _process_file_system (editor/file_system/editor_file_system.cpp:1391)
WARNING: Missing .uid file for path "res://sim/tests/test_result_transaction_replay.gd". The file was re-created from cache.
   at: _process_file_system (editor/file_system/editor_file_system.cpp:1391)
WARNING: Missing .uid file for path "res://sim/tests/test_roster_join_replay.gd". The file was re-created from cache.
   at: _process_file_system (editor/file_system/editor_file_system.cpp:1391)
WARNING: Missing .uid file for path "res://sim/tests/test_school_boot_replay.gd". The file was re-created from cache.
   at: _process_file_system (editor/file_system/editor_file_system.cpp:1391)
WARNING: Missing .uid file for path "res://sim/tests/test_school_course_commands.gd". The file was re-created from cache.
   at: _process_file_system (editor/file_system/editor_file_system.cpp:1391)
WARNING: Missing .uid file for path "res://sim/tests/test_school_course_confirmation.gd". The file was re-created from cache.
   at: _process_file_system (editor/file_system/editor_file_system.cpp:1391)
WARNING: Missing .uid file for path "res://sim/tests/test_school_course_confirmation_commands.gd". The file was re-created from cache.
   at: _process_file_system (editor/file_system/editor_file_system.cpp:1391)
WARNING: Missing .uid file for path "res://sim/tests/test_school_course_planning.gd". The file was re-created from cache.
   at: _process_file_system (editor/file_system/editor_file_system.cpp:1391)
WARNING: Missing .uid file for path "res://sim/tests/test_school_course_settlement.gd". The file was re-created from cache.
   at: _process_file_system (editor/file_system/editor_file_system.cpp:1391)
WARNING: Missing .uid file for path "res://sim/tests/test_school_course_settlement_commands.gd". The file was re-created from cache.
   at: _process_file_system (editor/file_system/editor_file_system.cpp:1391)
WARNING: Missing .uid file for path "res://sim/tests/test_school_course_unlocking.gd". The file was re-created from cache.
   at: _process_file_system (editor/file_system/editor_file_system.cpp:1391)
WARNING: Missing .uid file for path "res://sim/tests/test_school_entry_replay.gd". The file was re-created from cache.
   at: _process_file_system (editor/file_system/editor_file_system.cpp:1391)
WARNING: Missing .uid file for path "res://sim/tests/test_school_return_continuation.gd". The file was re-created from cache.
   at: _process_file_system (editor/file_system/editor_file_system.cpp:1391)
WARNING: Missing .uid file for path "res://sim/tests/test_school_student_movement.gd". The file was re-created from cache.
   at: _process_file_system (editor/file_system/editor_file_system.cpp:1391)
WARNING: Missing .uid file for path "res://sim/tests/test_school_teacher_group_replay.gd". The file was re-created from cache.
   at: _process_file_system (editor/file_system/editor_file_system.cpp:1391)
WARNING: Missing .uid file for path "res://sim/tests/test_school_teacher_movement.gd". The file was re-created from cache.
   at: _process_file_system (editor/file_system/editor_file_system.cpp:1391)
WARNING: Missing .uid file for path "res://sim/tests/test_school_waitlist_sort.gd". The file was re-created from cache.
   at: _process_file_system (editor/file_system/editor_file_system.cpp:1391)
WARNING: Missing .uid file for path "res://sim/tests/test_tactics_exit_handshake.gd". The file was re-created from cache.
   at: _process_file_system (editor/file_system/editor_file_system.cpp:1391)
WARNING: Missing .uid file for path "res://sim/tests/test_tactics_result_transition.gd". The file was re-created from cache.
   at: _process_file_system (editor/file_system/editor_file_system.cpp:1391)
WARNING: Missing .uid file for path "res://sim/tests/test_tactics_score_preparation.gd". The file was re-created from cache.
   at: _process_file_system (editor/file_system/editor_file_system.cpp:1391)
WARNING: Missing .uid file for path "res://sim/tests/test_week_settlement_replay.gd". The file was re-created from cache.
   at: _process_file_system (editor/file_system/editor_file_system.cpp:1391)
WARNING: Missing .uid file for path "res://sim/tests/test_week_start_replay.gd". The file was re-created from cache.
   at: _process_file_system (editor/file_system/editor_file_system.cpp:1391)
WARNING: Missing .uid file for path "res://sim/tests/test_workroom_return_replay.gd". The file was re-created from cache.
   at: _process_file_system (editor/file_system/editor_file_system.cpp:1391)
WARNING: Missing .uid file for path "res://sim/all_result_recipient.gd". The file was re-created from cache.
   at: _process_file_system (editor/file_system/editor_file_system.cpp:1391)
WARNING: Missing .uid file for path "res://sim/battle_return.gd". The file was re-created from cache.
   at: _process_file_system (editor/file_system/editor_file_system.cpp:1391)
WARNING: Missing .uid file for path "res://sim/battle_round_gate.gd". The file was re-created from cache.
   at: _process_file_system (editor/file_system/editor_file_system.cpp:1391)
WARNING: Missing .uid file for path "res://sim/campaign_result_state.gd". The file was re-created from cache.
   at: _process_file_system (editor/file_system/editor_file_system.cpp:1391)
WARNING: Missing .uid file for path "res://sim/campaign_school_layout.gd". The file was re-created from cache.
   at: _process_file_system (editor/file_system/editor_file_system.cpp:1391)
WARNING: Missing .uid file for path "res://sim/campaign_tactics_preparation.gd". The file was re-created from cache.
   at: _process_file_system (editor/file_system/editor_file_system.cpp:1391)
WARNING: Missing .uid file for path "res://sim/new_game_school_origin.gd". The file was re-created from cache.
   at: _process_file_system (editor/file_system/editor_file_system.cpp:1391)
WARNING: Missing .uid file for path "res://sim/result_transaction_replay.gd". The file was re-created from cache.
   at: _process_file_system (editor/file_system/editor_file_system.cpp:1391)
WARNING: Missing .uid file for path "res://sim/roster_join_replay.gd". The file was re-created from cache.
   at: _process_file_system (editor/file_system/editor_file_system.cpp:1391)
WARNING: Missing .uid file for path "res://sim/scene5_condition_selection.gd". The file was re-created from cache.
   at: _process_file_system (editor/file_system/editor_file_system.cpp:1391)
WARNING: Missing .uid file for path "res://sim/school_boot_replay.gd". The file was re-created from cache.
   at: _process_file_system (editor/file_system/editor_file_system.cpp:1391)
WARNING: Missing .uid file for path "res://sim/school_course_confirmation.gd". The file was re-created from cache.
   at: _process_file_system (editor/file_system/editor_file_system.cpp:1391)
WARNING: Missing .uid file for path "res://sim/school_course_planning.gd". The file was re-created from cache.
   at: _process_file_system (editor/file_system/editor_file_system.cpp:1391)
WARNING: Missing .uid file for path "res://sim/school_course_settlement.gd". The file was re-created from cache.
   at: _process_file_system (editor/file_system/editor_file_system.cpp:1391)
WARNING: Missing .uid file for path "res://sim/school_course_unlocking.gd". The file was re-created from cache.
   at: _process_file_system (editor/file_system/editor_file_system.cpp:1391)
WARNING: Missing .uid file for path "res://sim/school_entry_replay.gd". The file was re-created from cache.
   at: _process_file_system (editor/file_system/editor_file_system.cpp:1391)
WARNING: Missing .uid file for path "res://sim/school_return_continuation.gd". The file was re-created from cache.
   at: _process_file_system (editor/file_system/editor_file_system.cpp:1391)
WARNING: Missing .uid file for path "res://sim/school_student_movement.gd". The file was re-created from cache.
   at: _process_file_system (editor/file_system/editor_file_system.cpp:1391)
WARNING: Missing .uid file for path "res://sim/school_teacher_group_replay.gd". The file was re-created from cache.
   at: _process_file_system (editor/file_system/editor_file_system.cpp:1391)
WARNING: Missing .uid file for path "res://sim/school_teacher_movement.gd". The file was re-created from cache.
   at: _process_file_system (editor/file_system/editor_file_system.cpp:1391)
WARNING: Missing .uid file for path "res://sim/school_waitlist_sort.gd". The file was re-created from cache.
   at: _process_file_system (editor/file_system/editor_file_system.cpp:1391)
WARNING: Missing .uid file for path "res://sim/tactics_exit_handshake.gd". The file was re-created from cache.
   at: _process_file_system (editor/file_system/editor_file_system.cpp:1391)
WARNING: Missing .uid file for path "res://sim/tactics_result_transition.gd". The file was re-created from cache.
   at: _process_file_system (editor/file_system/editor_file_system.cpp:1391)
WARNING: Missing .uid file for path "res://sim/tactics_score_preparation.gd". The file was re-created from cache.
   at: _process_file_system (editor/file_system/editor_file_system.cpp:1391)
WARNING: Missing .uid file for path "res://sim/week_settlement_replay.gd". The file was re-created from cache.
   at: _process_file_system (editor/file_system/editor_file_system.cpp:1391)
WARNING: Missing .uid file for path "res://sim/week_start_replay.gd". The file was re-created from cache.
   at: _process_file_system (editor/file_system/editor_file_system.cpp:1391)
WARNING: Missing .uid file for path "res://sim/workroom_return_replay.gd". The file was re-created from cache.
   at: _process_file_system (editor/file_system/editor_file_system.cpp:1391)
WARNING: Missing .uid file for path "res://ui/tests/test_campaign_return_window.gd". The file was re-created from cache.
   at: _process_file_system (editor/file_system/editor_file_system.cpp:1391)
WARNING: Missing .uid file for path "res://ui/tests/test_school_course_confirmation_window.gd". The file was re-created from cache.
   at: _process_file_system (editor/file_system/editor_file_system.cpp:1391)
WARNING: Missing .uid file for path "res://ui/tests/test_school_course_settlement_window.gd". The file was re-created from cache.
   at: _process_file_system (editor/file_system/editor_file_system.cpp:1391)
WARNING: Missing .uid file for path "res://ui/tests/test_school_course_window.gd". The file was re-created from cache.
   at: _process_file_system (editor/file_system/editor_file_system.cpp:1391)
WARNING: Missing .uid file for path "res://ui/tests/test_school_navigation.gd". The file was re-created from cache.
   at: _process_file_system (editor/file_system/editor_file_system.cpp:1391)
[   0% ] [90m[1mupdate_scripts_classes[22m | Started 正在注册全局类…… (30 steps)[39m[0m
[   0% ] [90m[1mupdate_scripts_classes[22m | [39m[0m
[   3% ] [90m[1mupdate_scripts_classes[22m | [39m[0m
[   6% ] [90m[1mupdate_scripts_classes[22m | [39m[0m
[   9% ] [90m[1mupdate_scripts_classes[22m | [39m[0m
[  12% ] [90m[1mupdate_scripts_classes[22m | [39m[0m
[  16% ] [90m[1mupdate_scripts_classes[22m | [39m[0m
[  19% ] [90m[1mupdate_scripts_classes[22m | [39m[0m
[  22% ] [90m[1mupdate_scripts_classes[22m | [39m[0m
[  25% ] [90m[1mupdate_scripts_classes[22m | [39m[0m
[  29% ] [90m[1mupdate_scripts_classes[22m | [39m[0m
[  32% ] [90m[1mupdate_scripts_classes[22m | [39m[0m
[  35% ] [90m[1mupdate_scripts_classes[22m | [39m[0m
[  38% ] [90m[1mupdate_scripts_classes[22m | [39m[0m
[  41% ] [90m[1mupdate_scripts_classes[22m | [39m[0m
[  45% ] [90m[1mupdate_scripts_classes[22m | [39m[0m
[  48% ] [90m[1mupdate_scripts_classes[22m | [39m[0m
[  51% ] [90m[1mupdate_scripts_classes[22m | [39m[0m
[  54% ] [90m[1mupdate_scripts_classes[22m | [39m[0m
[  58% ] [90m[1mupdate_scripts_classes[22m | [39m[0m
[  61% ] [90m[1mupdate_scripts_classes[22m | [39m[0m
[  64% ] [90m[1mupdate_scripts_classes[22m | [39m[0m
[  67% ] [90m[1mupdate_scripts_classes[22m | [39m[0m
[  70% ] [90m[1mupdate_scripts_classes[22m | [39m[0m
[  74% ] [90m[1mupdate_scripts_classes[22m | [39m[0m
[  77% ] [90m[1mupdate_scripts_classes[22m | [39m[0m
[  80% ] [90m[1mupdate_scripts_classes[22m | [39m[0m
[  83% ] [90m[1mupdate_scripts_classes[22m | [39m[0m
[  87% ] [90m[1mupdate_scripts_classes[22m | [39m[0m
[  90% ] [90m[1mupdate_scripts_classes[22m | [39m[0m
[  93% ] [90m[1mupdate_scripts_classes[22m | [39m[0m
[92m[ DONE ][39m [1mupdate_scripts_classes[22m
[0m
[   0% ] [90m[1m_update_scan_actions[22m | Started 正在扫描动作…… (24 steps)[39m[0m
[   0% ] [90m[1m_update_scan_actions[22m | map05.png[39m[0m
[   4% ] [90m[1m_update_scan_actions[22m | map05_minimap.png[39m[0m
[   8% ] [90m[1m_update_scan_actions[22m | background.png[39m[0m
[  12% ] [90m[1m_update_scan_actions[22m | portrait_3.png[39m[0m
[  16% ] [90m[1m_update_scan_actions[22m | portrait_4.png[39m[0m
[  20% ] [90m[1m_update_scan_actions[22m | portrait_9.png[39m[0m
[  24% ] [90m[1m_update_scan_actions[22m | portrait_101.png[39m[0m
[  28% ] [90m[1m_update_scan_actions[22m | background_47.png[39m[0m
[  32% ] [90m[1m_update_scan_actions[22m | body_9.png[39m[0m
[  36% ] [90m[1m_update_scan_actions[22m | body_10.png[39m[0m
[  40% ] [90m[1m_update_scan_actions[22m | body_12.png[39m[0m
[  44% ] [90m[1m_update_scan_actions[22m | portrait_12.png[39m[0m
[  48% ] [90m[1m_update_scan_actions[22m | portrait_27.png[39m[0m
[  52% ] [90m[1m_update_scan_actions[22m | portrait_29.png[39m[0m
[  56% ] [90m[1m_update_scan_actions[22m | portrait_30.png[39m[0m
[  60% ] [90m[1m_update_scan_actions[22m | portrait_31.png[39m[0m
[  64% ] [90m[1m_update_scan_actions[22m | actor_4.png[39m[0m
[  68% ] [90m[1m_update_scan_actions[22m | actor_7.png[39m[0m
[  72% ] [90m[1m_update_scan_actions[22m | actor_130.png[39m[0m
[  76% ] [90m[1m_update_scan_actions[22m | background_8.png[39m[0m
[  80% ] [90m[1m_update_scan_actions[22m | background_52.png[39m[0m
[  84% ] [90m[1m_update_scan_actions[22m | background.png[39m[0m
[  88% ] [90m[1m_update_scan_actions[22m | portrait_101.png[39m[0m
[  92% ] [90m[1m_update_scan_actions[22m | portrait_117.png[39m[0m
[92m[ DONE ][39m [1m_update_scan_actions[22m
[0m
[   0% ] [90m[1mreimport[22m | Started 正在导入或重新导入资产 (24 steps)[39m[0m
[   0% ] [90m[1mreimport[22m | 正在准备重新导入文件……[39m[0m
[   4% ] [90m[1mreimport[22m | 正在准备重新导入文件……[39m[0m
[   8% ] [90m[1mreimport[22m | 正在准备重新导入文件……[39m[0m
[  12% ] [90m[1mreimport[22m | 正在准备重新导入文件……[39m[0m
[  16% ] [90m[1mreimport[22m | 正在准备重新导入文件……[39m[0m
[  20% ] [90m[1mreimport[22m | 正在准备重新导入文件……[39m[0m
[  24% ] [90m[1mreimport[22m | 正在准备重新导入文件……[39m[0m
[  28% ] [90m[1mreimport[22m | 正在准备重新导入文件……[39m[0m
[  32% ] [90m[1mreimport[22m | 正在准备重新导入文件……[39m[0m
[  36% ] [90m[1mreimport[22m | 正在准备重新导入文件……[39m[0m
[  40% ] [90m[1mreimport[22m | 正在准备重新导入文件……[39m[0m
[  44% ] [90m[1mreimport[22m | 正在准备重新导入文件……[39m[0m
[  48% ] [90m[1mreimport[22m | 正在准备重新导入文件……[39m[0m
[  52% ] [90m[1mreimport[22m | 正在准备重新导入文件……[39m[0m
[  56% ] [90m[1mreimport[22m | 正在准备重新导入文件……[39m[0m
[  60% ] [90m[1mreimport[22m | 正在准备重新导入文件……[39m[0m
[  64% ] [90m[1mreimport[22m | 正在准备重新导入文件……[39m[0m
[  68% ] [90m[1mreimport[22m | 正在准备重新导入文件……[39m[0m
[  72% ] [90m[1mreimport[22m | 正在准备重新导入文件……[39m[0m
[  76% ] [90m[1mreimport[22m | 正在准备重新导入文件……[39m[0m
[  80% ] [90m[1mreimport[22m | 正在准备重新导入文件……[39m[0m
[  84% ] [90m[1mreimport[22m | 正在准备重新导入文件……[39m[0m
[  88% ] [90m[1mreimport[22m | 正在准备重新导入文件……[39m[0m
[  92% ] [90m[1mreimport[22m | 正在准备重新导入文件……[39m[0m
[   0% ] [90m[1mreimport[22m | 正在执行重新导入的前置操作……[39m[0m
[   0% ] [90m[1mreimport[22m | portrait_117.png[39m[0m
[   4% ] [90m[1mreimport[22m | portrait_101.png[39m[0m
[   8% ] [90m[1mreimport[22m | background.png[39m[0m
[  12% ] [90m[1mreimport[22m | background_52.png[39m[0m
[  16% ] [90m[1mreimport[22m | background_8.png[39m[0m
[  20% ] [90m[1mreimport[22m | actor_130.png[39m[0m
[  24% ] [90m[1mreimport[22m | actor_7.png[39m[0m
[  28% ] [90m[1mreimport[22m | actor_4.png[39m[0m
[  32% ] [90m[1mreimport[22m | portrait_31.png[39m[0m
[  36% ] [90m[1mreimport[22m | portrait_30.png[39m[0m
[  40% ] [90m[1mreimport[22m | portrait_29.png[39m[0m
[  44% ] [90m[1mreimport[22m | portrait_27.png[39m[0m
[  48% ] [90m[1mreimport[22m | portrait_12.png[39m[0m
[  52% ] [90m[1mreimport[22m | body_12.png[39m[0m
[  56% ] [90m[1mreimport[22m | body_10.png[39m[0m
[  60% ] [90m[1mreimport[22m | body_9.png[39m[0m
[  64% ] [90m[1mreimport[22m | background_47.png[39m[0m
[  68% ] [90m[1mreimport[22m | portrait_101.png[39m[0m
[  72% ] [90m[1mreimport[22m | portrait_9.png[39m[0m
[  76% ] [90m[1mreimport[22m | portrait_4.png[39m[0m
[  80% ] [90m[1mreimport[22m | portrait_3.png[39m[0m
[  84% ] [90m[1mreimport[22m | background.png[39m[0m
[  88% ] [90m[1mreimport[22m | map05_minimap.png[39m[0m
[  92% ] [90m[1mreimport[22m | map05.png[39m[0m
[  96% ] [90m[1mreimport[22m | 正在结束资产导入……[39m[0m
[92m[ DONE ][39m [1mreimport[22m
[0m
[   0% ] [90m[1mreimport[22m | Started 正在导入或重新导入资产 (24 steps)[39m[0m
[   0% ] [90m[1mreimport[22m | 正在执行重新导入的后置操作……[39m[0m
[92m[ DONE ][39m [1mreimport[22m
[0m
[   0% ] [90m[1mloading_editor_layout[22m | Started 正在加载编辑器 (5 steps)[39m[0m
[   0% ] [90m[1mloading_editor_layout[22m | 正在加载编辑器布局……[39m[0m
[  16% ] [90m[1mloading_editor_layout[22m | 正在加载停靠面板……[39m[0m
[92m[ DONE ][39m [1mloading_editor_layout[22m
[0m
