Native departure case: initial ready=True
Native ledger before initial: {"entries": [{"id": 5, "metadata": [3, 4, 0], "busy": 0, "limit": 1, "duration": 0, "busy_elapsed": 0, "elapsed": 0}]}
Native appearance grid batch 1: 0x43b23f
Native appearance grid batch 2: 0x43ae37
Native scene work initial: True
Native departure case: student9_waiting ready=True
Native ledger before student9_waiting: {"entries": [{"id": 5, "metadata": [3, 4, 0], "busy": 0, "limit": 1, "duration": 0, "busy_elapsed": 0, "elapsed": 0}]}
Native appearance grid batch 1: 0x43b23f
Native appearance grid batch 2: 0x43ae33
Native scene work student9_waiting: True
Native departure case: fifth_class ready=True
Native ledger before fifth_class: {"entries": [{"id": 5, "metadata": [3, 4, 0], "busy": 0, "limit": 1, "duration": 0, "busy_elapsed": 0, "elapsed": 0}]}
Native appearance grid batch 1: 0x43b23f
Native appearance grid batch 2: 0x43ae3f
Native scene work fifth_class: True
Native departure case: teacher_only ready=False
Native ledger before teacher_only: {"entries": [{"id": 5, "metadata": [3, 4, 0], "busy": 0, "limit": 1, "duration": 0, "busy_elapsed": 0, "elapsed": 0}]}
Native scene work teacher_only: False
Native departure case: teacher_waiting ready=False
Native ledger before teacher_waiting: {"entries": [{"id": 5, "metadata": [3, 4, 0], "busy": 0, "limit": 1, "duration": 0, "busy_elapsed": 0, "elapsed": 0}]}
Native scene work teacher_waiting: False
