Godot Engine v4.7.2.stable.mono.official.ed1daf0bf - https://godotengine.org

FAIL original portrait117 visible
SCRIPT ERROR: Invalid access of index '3' on a base object of type: 'Array'.
   at: show_page (res://ui/school_story_reader.gd:123)
   GDScript backtrace (most recent call first):
       [0] show_page (res://ui/school_story_reader.gd:123)
       [1] refresh (res://ui/school_playground.gd:624)
       [2] _story_command (res://ui/school_playground.gd:509)
       [3] _input (res://ui/school_playground.gd:900)
       [4] _key (res://ui/tests/test_new_game_school_window.gd:56)
       [5] _run (res://ui/tests/test_school_fifth_planning_window.gd:81)
       [6] _key (res://ui/tests/test_new_game_school_window.gd:57)
SCRIPT ERROR: Invalid access of index '3' on a base object of type: 'Array'.
   at: show_page (res://ui/school_story_reader.gd:123)
   GDScript backtrace (most recent call first):
       [0] show_page (res://ui/school_story_reader.gd:123)
       [1] refresh (res://ui/school_playground.gd:624)
       [2] _story_command (res://ui/school_playground.gd:509)
       [3] _input (res://ui/school_playground.gd:900)
       [4] _key (res://ui/tests/test_new_game_school_window.gd:56)
       [5] _run (res://ui/tests/test_school_fifth_planning_window.gd:81)
       [6] _key (res://ui/tests/test_new_game_school_window.gd:57)
SCRIPT ERROR: Invalid access of index '3' on a base object of type: 'Array'.
   at: show_page (res://ui/school_story_reader.gd:123)
   GDScript backtrace (most recent call first):
       [0] show_page (res://ui/school_story_reader.gd:123)
       [1] refresh (res://ui/school_playground.gd:624)
       [2] _story_command (res://ui/school_playground.gd:509)
       [3] _input (res://ui/school_playground.gd:900)
       [4] _key (res://ui/tests/test_new_game_school_window.gd:56)
       [5] _run (res://ui/tests/test_school_fifth_planning_window.gd:81)
       [6] _key (res://ui/tests/test_new_game_school_window.gd:57)
SCRIPT ERROR: Invalid access of index '3' on a base object of type: 'Array'.
   at: show_page (res://ui/school_story_reader.gd:123)
   GDScript backtrace (most recent call first):
       [0] show_page (res://ui/school_story_reader.gd:123)
       [1] refresh (res://ui/school_playground.gd:624)
       [2] _story_command (res://ui/school_playground.gd:509)
       [3] _input (res://ui/school_playground.gd:900)
       [4] _key (res://ui/tests/test_new_game_school_window.gd:56)
       [5] _run (res://ui/tests/test_school_fifth_planning_window.gd:81)
       [6] _key (res://ui/tests/test_new_game_school_window.gd:57)
SCRIPT ERROR: Invalid access of index '3' on a base object of type: 'Array'.
   at: show_page (res://ui/school_story_reader.gd:123)
   GDScript backtrace (most recent call first):
       [0] show_page (res://ui/school_story_reader.gd:123)
       [1] refresh (res://ui/school_playground.gd:624)
       [2] _story_command (res://ui/school_playground.gd:509)
       [3] _input (res://ui/school_playground.gd:900)
       [4] _key (res://ui/tests/test_new_game_school_window.gd:56)
       [5] _run (res://ui/tests/test_school_fifth_planning_window.gd:81)
       [6] _key (res://ui/tests/test_new_game_school_window.gd:57)
SCRIPT ERROR: Invalid access of index '3' on a base object of type: 'Array'.
   at: show_page (res://ui/school_story_reader.gd:123)
   GDScript backtrace (most recent call first):
       [0] show_page (res://ui/school_story_reader.gd:123)
       [1] refresh (res://ui/school_playground.gd:624)
       [2] _story_command (res://ui/school_playground.gd:509)
       [3] _input (res://ui/school_playground.gd:900)
       [4] _key (res://ui/tests/test_new_game_school_window.gd:56)
       [5] _run (res://ui/tests/test_school_fifth_planning_window.gd:81)
       [6] _key (res://ui/tests/test_new_game_school_window.gd:57)
SCRIPT ERROR: Invalid access of index '3' on a base object of type: 'Array'.
   at: show_page (res://ui/school_story_reader.gd:123)
   GDScript backtrace (most recent call first):
       [0] show_page (res://ui/school_story_reader.gd:123)
       [1] refresh (res://ui/school_playground.gd:624)
       [2] _story_command (res://ui/school_playground.gd:509)
       [3] _input (res://ui/school_playground.gd:900)
       [4] _key (res://ui/tests/test_new_game_school_window.gd:56)
       [5] _run (res://ui/tests/test_school_fifth_planning_window.gd:81)
       [6] _key (res://ui/tests/test_new_game_school_window.gd:57)
SCRIPT ERROR: Invalid access of index '3' on a base object of type: 'Array'.
   at: show_page (res://ui/school_story_reader.gd:123)
   GDScript backtrace (most recent call first):
       [0] show_page (res://ui/school_story_reader.gd:123)
       [1] refresh (res://ui/school_playground.gd:624)
       [2] _story_command (res://ui/school_playground.gd:509)
       [3] _input (res://ui/school_playground.gd:900)
       [4] _key (res://ui/tests/test_new_game_school_window.gd:56)
       [5] _run (res://ui/tests/test_school_fifth_planning_window.gd:81)
       [6] _key (res://ui/tests/test_new_game_school_window.gd:57)
SCRIPT ERROR: Invalid access of index '3' on a base object of type: 'Array'.
   at: show_page (res://ui/school_story_reader.gd:123)
   GDScript backtrace (most recent call first):
       [0] show_page (res://ui/school_story_reader.gd:123)
       [1] refresh (res://ui/school_playground.gd:624)
       [2] _story_command (res://ui/school_playground.gd:509)
       [3] _input (res://ui/school_playground.gd:900)
       [4] _key (res://ui/tests/test_new_game_school_window.gd:56)
       [5] _run (res://ui/tests/test_school_fifth_planning_window.gd:81)
       [6] _key (res://ui/tests/test_new_game_school_window.gd:57)
SCRIPT ERROR: Invalid access of index '3' on a base object of type: 'Array'.
   at: show_page (res://ui/school_story_reader.gd:123)
   GDScript backtrace (most recent call first):
       [0] show_page (res://ui/school_story_reader.gd:123)
       [1] refresh (res://ui/school_playground.gd:624)
       [2] _story_command (res://ui/school_playground.gd:509)
       [3] _input (res://ui/school_playground.gd:900)
       [4] _key (res://ui/tests/test_new_game_school_window.gd:56)
       [5] _run (res://ui/tests/test_school_fifth_planning_window.gd:81)
       [6] _key (res://ui/tests/test_new_game_school_window.gd:57)
FAIL last patrol page has correct school destination
Graphical school: 163 checks, 2 failures
