Godot Engine v4.7.2.stable.mono.official.ed1daf0bf - https://godotengine.org

test_adv_week_handoff.gd     3 tests, 0 failed
test_all_result_recipient.gd 4 tests, 0 failed
test_all_result_role_replay.gd 16 tests, 0 failed
test_attack_effects.gd       6 tests, 0 failed
test_battle.gd               9 tests, 0 failed
test_battle_campaign_replay.gd 2 tests, 0 failed
test_battle_math.gd          9 tests, 0 failed
test_battle_return.gd        3 tests, 0 failed
test_battle_return_result_replay.gd 9 tests, 0 failed
test_battle_round_gate.gd    4 tests, 0 failed
test_campaign_preparation.gd 10 tests, 0 failed
test_campaign_result_state.gd 7 tests, 0 failed
test_campaign_return_demo.gd 4 tests, 0 failed
test_campaign_return_panel.gd 4 tests, 0 failed
test_campaign_scene5.gd      7 tests, 0 failed
test_campaign_school_boot.gd 8 tests, 0 failed
test_campaign_school_layout.gd 8 tests, 0 failed
test_campaign_school_probes.gd 8 tests, 0 failed
test_engage.gd               4 tests, 0 failed
test_fx_placement.gd         3 tests, 0 failed
test_map_data.gd             5 tests, 0 failed
test_new_game_school_commands.gd 5 tests, 0 failed
test_new_game_school_movement.gd 3 tests, 0 failed
test_new_game_school_origin.gd 8 tests, 0 failed
test_pathfinding.gd          7 tests, 0 failed
test_result_transaction_replay.gd 12 tests, 0 failed
test_roster_join_replay.gd   11 tests, 0 failed
SCRIPT ERROR: Parse Error: Cannot infer the type of "template" variable because the value doesn't have a set type.
   at: GDScript::reload (res://sim/tests/test_school_adventure_handoff.gd:106)
   GDScript backtrace (most recent call first):
       [0] _init (res://sim/tests/test_runner.gd:23)
ERROR: Failed to load script "res://sim/tests/test_school_adventure_handoff.gd" with error "Parse error".
   at: load (modules/gdscript/gdscript_resource_format.cpp:46)
   GDScript backtrace (most recent call first):
       [0] _init (res://sim/tests/test_runner.gd:23)
SCRIPT ERROR: Invalid call. Nonexistent function 'new' in base 'GDScript'.
   at: _init (res://sim/tests/test_runner.gd:24)
   GDScript backtrace (most recent call first):
       [0] _init (res://sim/tests/test_runner.gd:24)
