test_actual_native_handoff_and_retained_records (tools.tests.test_school_adventure_handoff_emulation.SchoolAdventureHandoffTests) ... ok
test_finite_guards_and_actual_ranges (tools.tests.test_school_adventure_handoff_emulation.SchoolAdventureHandoffTests) ... ok
test_ledger_is_derived_from_source_initialization (tools.tests.test_school_adventure_handoff_emulation.SchoolAdventureHandoffTests) ... ok
test_source_and_exports (tools.tests.test_school_adventure_handoff_emulation.SchoolAdventureHandoffTests) ... ok
test_student_order_and_unresolved_unit_calls (tools.tests.test_school_adventure_handoff_emulation.SchoolAdventureHandoffTests) ... ok
test_actual_chain_and_records_preserved (tools.tests.test_school_adventure_preparation_emulation.DeparturePreparationTests) ... ok
test_current_squads_and_refusals (tools.tests.test_school_adventure_preparation_emulation.DeparturePreparationTests) ... ok
test_finite_write_guard (tools.tests.test_school_adventure_preparation_emulation.DeparturePreparationTests) ... ok
test_report_writes_never_touch_date_or_roles (tools.tests.test_school_adventure_preparation_emulation.DeparturePreparationTests) ... ok
test_source_and_exports_exact (tools.tests.test_school_adventure_preparation_emulation.DeparturePreparationTests) ... ok
test_actual_chain_and_native_school_fields (tools.tests.test_school_fifth_planning_emulation.FifthPlanningNativeTests) ... ok
test_preserves_earned_roles_relationships_and_mvp (tools.tests.test_school_fifth_planning_emulation.FifthPlanningNativeTests) ... ok
test_source_only_exports_hashes_and_declared_authority (tools.tests.test_school_fifth_planning_emulation.FifthPlanningNativeTests) ... ok
test_waits_prevent_school_and_guard_refuses_growth_date_mvp (tools.tests.test_school_fifth_planning_emulation.FifthPlanningNativeTests) ... ok
test_byte_exact_regeneration_and_complete_text (tools.tests.test_school_workroom_export.WorkroomExportTests) ... ok
test_original_background_pixel_and_hash (tools.tests.test_school_workroom_export.WorkroomExportTests) ... ok
test_portrait_geometry_and_native_rgb555_body (tools.tests.test_school_workroom_export.WorkroomExportTests) ... ok

----------------------------------------------------------------------
Ran 17 tests in 1.712s

OK
