test_actual_current_loops_all_units_and_enemy_stop (tools.tests.test_school_current_units_emulation.CurrentUnitNativeTests) ... ok
test_complete_resources_progress_handles_and_retention (tools.tests.test_school_current_units_emulation.CurrentUnitNativeTests) ... ok
test_declared_cache_reuse_is_separate_and_no_second_resource (tools.tests.test_school_current_units_emulation.CurrentUnitNativeTests) ... ok
test_guard_refuses_previous_freed_and_outside_phase_bytes (tools.tests.test_school_current_units_emulation.CurrentUnitNativeTests) ... ok
test_declared_cache_cpu_reuse_matches_source_without_resource_reload (tools.tests.test_school_current_units_catalog.CurrentUnitSourceTests) ... ok
test_every_actual_unit_full_prefix_binding_constructor_cache_bytes (tools.tests.test_school_current_units_catalog.CurrentUnitSourceTests) ... ok
test_fixed_native_fixture_and_independent_exports_separate (tools.tests.test_school_current_units_catalog.CurrentUnitSourceTests) ... ok
test_malformed_and_unsupported_source_inputs_refuse (tools.tests.test_school_current_units_catalog.CurrentUnitSourceTests) ... ERROR
test_source_order_progress_and_all_original_archive_shapes (tools.tests.test_school_current_units_catalog.CurrentUnitSourceTests) ... ok

======================================================================
ERROR: test_malformed_and_unsupported_source_inputs_refuse (tools.tests.test_school_current_units_catalog.CurrentUnitSourceTests)
----------------------------------------------------------------------
Traceback (most recent call last):
  File "F:\project\chaomofa\tools\tests\test_school_current_units_catalog.py", line 88, in test_malformed_and_unsupported_source_inputs_refuse
    with self.assertRaises((ValueError,struct.error)):archive_inputs(bad)
  File "F:\project\chaomofa\tools\school_current_units_catalog.py", line 119, in archive_inputs
    offsets = parse_dxanim(raw)
  File "F:\project\chaomofa\tools\dxanim_lib.py", line 25, in parse_dxanim
    raise DxAnimError(f'truncated DxAnim header: {len(data)} bytes')
tools.dxanim_lib.DxAnimError: truncated DxAnim header: 0 bytes

----------------------------------------------------------------------
Ran 9 tests in 1.387s

FAILED (errors=1)
