DECLARED independent reset: 1344 1536
Traceback (most recent call last):
  File "F:\project\chaomofa\.venv-audit\unit_assets_diagnostic.py", line 19, in <module>
    declared_call(0x466000)
  File "F:\project\chaomofa\.venv-audit\unit_assets_diagnostic.py", line 16, in declared_call
    e.uc.emu_start(address,RETURN,timeout=30_000_000,count=12_000_000)
  File "F:\project\chaomofa\.venv-audit\lib\site-packages\unicorn\unicorn_py3\unicorn.py", line 769, in emu_start
    raise self._hook_exception
  File "F:\project\chaomofa\.venv-audit\lib\site-packages\unicorn\unicorn_py3\unicorn.py", line 363, in wrapper
    return func(uc, *args, **kwargs)
  File "F:\project\chaomofa\.venv-audit\lib\site-packages\unicorn\unicorn_py3\unicorn.py", line 1063, in __hook_code_cb
    callback(uc, address, size, user_data)
  File "F:\project\chaomofa\tools\school_unit_assets_emulation.py", line 128, in _hook
    return self._file_api(address,sp)
  File "F:\project\chaomofa\tools\school_unit_assets_emulation.py", line 120, in _file_api
    return super()._file_api(address,sp)
  File "F:\project\chaomofa\tools\school_scene_resources_emulation.py", line 78, in _file_api
    return super()._file_api(address,sp)
  File "F:\project\chaomofa\tools\school_unitctrl_map_emulation.py", line 210, in _file_api
    return super()._file_api(address,sp)
  File "F:\project\chaomofa\tools\school_tactical_resources_emulation.py", line 134, in _file_api
    self.primitive_write(args[1],value+b'\0'); result=len(value)
  File "F:\project\chaomofa\tools\school_tactical_resources_emulation.py", line 88, in primitive_write
    self._write_hook(self.uc,0,address,len(data),0,None)
  File "F:\project\chaomofa\tools\school_unit_assets_emulation.py", line 78, in _write_hook
    raise RuntimeError(f'unit assets finite guard {address:#x}/{size} at {uc.reg_read(UC_X86_REG_EIP):#x}')
RuntimeError: unit assets finite guard 0x7a0ebc/46 at 0xe320000
